// Jest Snapshot v1, https://goo.gl/fbAQLP

exports[` 1`] = `
<View
  style={
    Object {
      "backgroundColor": "white",
      "flex": 1,
      "paddingTop": 0,
    }
  }
>
  <View
    style={
      Array [
        Object {
          "flexDirection": "row",
          "justifyContent": "center",
        },
        undefined,
      ]
    }
  >
    <RCTScrollView
      horizontal={true}
      showsHorizontalScrollIndicator={false}
    >
      <View>
        <View
          accessible={true}
          focusable={true}
          onClick={[Function]}
          onResponderGrant={[Function]}
          onResponderMove={[Function]}
          onResponderRelease={[Function]}
          onResponderTerminate={[Function]}
          onResponderTerminationRequest={[Function]}
          onStartShouldSetResponder={[Function]}
          style={
            Object {
              "backgroundColor": "#F4F4F4",
              "opacity": 1,
              "paddingHorizontal": 5,
              "paddingVertical": 10,
            }
          }
        >
          <View
            style={
              Object {
                "alignItems": "center",
                "justifyContent": "center",
              }
            }
          >
            <View
              style={
                Object {
                  "alignItems": "center",
                  "borderColor": "#DCDCDC",
                  "borderWidth": 2,
                  "height": 60,
                  "justifyContent": "center",
                  "marginHorizontal": 5,
                  "width": 60,
                }
              }
            >
              <Text />
            </View>
            <Text
              style={
                Object {
                  "color": "black",
                  "fontSize": 12,
                  "marginTop": 5,
                }
              }
            >
              NONE
            </Text>
          </View>
        </View>
        <View
          accessible={true}
          focusable={true}
          onClick={[Function]}
          onResponderGrant={[Function]}
          onResponderMove={[Function]}
          onResponderRelease={[Function]}
          onResponderTerminate={[Function]}
          onResponderTerminationRequest={[Function]}
          onStartShouldSetResponder={[Function]}
          style={
            Object {
              "backgroundColor": "white",
              "opacity": 1,
              "paddingHorizontal": 5,
              "paddingVertical": 10,
            }
          }
        >
          <View
            style={
              Object {
                "alignItems": "center",
                "justifyContent": "center",
              }
            }
          >
            <View
              style={
                Object {
                  "alignItems": "center",
                  "borderColor": "#DCDCDC",
                  "borderWidth": 2,
                  "height": 60,
                  "justifyContent": "center",
                  "marginHorizontal": 5,
                  "width": 60,
                }
              }
            >
              <Text />
            </View>
            <Text
              style={
                Object {
                  "color": "black",
                  "fontSize": 12,
                  "marginTop": 5,
                }
              }
            >
              SOLID
            </Text>
          </View>
        </View>
        <View
          accessible={true}
          focusable={true}
          onClick={[Function]}
          onResponderGrant={[Function]}
          onResponderMove={[Function]}
          onResponderRelease={[Function]}
          onResponderTerminate={[Function]}
          onResponderTerminationRequest={[Function]}
          onStartShouldSetResponder={[Function]}
          style={
            Object {
              "backgroundColor": "white",
              "opacity": 1,
              "paddingHorizontal": 5,
              "paddingVertical": 10,
            }
          }
        >
          <View
            style={
              Object {
                "alignItems": "center",
                "justifyContent": "center",
              }
            }
          >
            <View
              style={
                Object {
                  "alignItems": "center",
                  "borderColor": "#DCDCDC",
                  "borderWidth": 2,
                  "height": 60,
                  "justifyContent": "center",
                  "marginHorizontal": 5,
                  "width": 60,
                }
              }
            >
              <Text />
            </View>
            <Text
              style={
                Object {
                  "color": "black",
                  "fontSize": 12,
                  "marginTop": 5,
                }
              }
            >
              DASHED
            </Text>
          </View>
        </View>
      </View>
    </RCTScrollView>
  </View>
</View>
`;

exports[`Some component Should redner the component in the dom 1`] = `
<View
  style={
    Object {
      "backgroundColor": "white",
      "flex": 1,
      "paddingTop": 0,
    }
  }
>
  <View
    style={
      Array [
        Object {
          "flexDirection": "row",
          "justifyContent": "center",
        },
        undefined,
      ]
    }
  >
    <RCTScrollView
      horizontal={true}
      showsHorizontalScrollIndicator={false}
    >
      <View>
        <View
          accessible={true}
          focusable={true}
          onClick={[Function]}
          onResponderGrant={[Function]}
          onResponderMove={[Function]}
          onResponderRelease={[Function]}
          onResponderTerminate={[Function]}
          onResponderTerminationRequest={[Function]}
          onStartShouldSetResponder={[Function]}
          style={
            Object {
              "backgroundColor": "#F4F4F4",
              "opacity": 1,
              "paddingHorizontal": 5,
              "paddingVertical": 10,
            }
          }
        >
          <View
            style={
              Object {
                "alignItems": "center",
                "justifyContent": "center",
              }
            }
          >
            <View
              style={
                Object {
                  "alignItems": "center",
                  "borderColor": "#DCDCDC",
                  "borderWidth": 2,
                  "height": 60,
                  "justifyContent": "center",
                  "marginHorizontal": 5,
                  "width": 60,
                }
              }
            >
              <Text />
            </View>
            <Text
              style={
                Object {
                  "color": "black",
                  "fontSize": 12,
                  "marginTop": 5,
                }
              }
            >
              NONE
            </Text>
          </View>
        </View>
        <View
          accessible={true}
          focusable={true}
          onClick={[Function]}
          onResponderGrant={[Function]}
          onResponderMove={[Function]}
          onResponderRelease={[Function]}
          onResponderTerminate={[Function]}
          onResponderTerminationRequest={[Function]}
          onStartShouldSetResponder={[Function]}
          style={
            Object {
              "backgroundColor": "white",
              "opacity": 1,
              "paddingHorizontal": 5,
              "paddingVertical": 10,
            }
          }
        >
          <View
            style={
              Object {
                "alignItems": "center",
                "justifyContent": "center",
              }
            }
          >
            <View
              style={
                Object {
                  "alignItems": "center",
                  "borderColor": "#DCDCDC",
                  "borderWidth": 2,
                  "height": 60,
                  "justifyContent": "center",
                  "marginHorizontal": 5,
                  "width": 60,
                }
              }
            >
              <Text />
            </View>
            <Text
              style={
                Object {
                  "color": "black",
                  "fontSize": 12,
                  "marginTop": 5,
                }
              }
            >
              SOLID
            </Text>
          </View>
        </View>
        <View
          accessible={true}
          focusable={true}
          onClick={[Function]}
          onResponderGrant={[Function]}
          onResponderMove={[Function]}
          onResponderRelease={[Function]}
          onResponderTerminate={[Function]}
          onResponderTerminationRequest={[Function]}
          onStartShouldSetResponder={[Function]}
          style={
            Object {
              "backgroundColor": "white",
              "opacity": 1,
              "paddingHorizontal": 5,
              "paddingVertical": 10,
            }
          }
        >
          <View
            style={
              Object {
                "alignItems": "center",
                "justifyContent": "center",
              }
            }
          >
            <View
              style={
                Object {
                  "alignItems": "center",
                  "borderColor": "#DCDCDC",
                  "borderWidth": 2,
                  "height": 60,
                  "justifyContent": "center",
                  "marginHorizontal": 5,
                  "width": 60,
                }
              }
            >
              <Text />
            </View>
            <Text
              style={
                Object {
                  "color": "black",
                  "fontSize": 12,
                  "marginTop": 5,
                }
              }
            >
              DASHED
            </Text>
          </View>
        </View>
      </View>
    </RCTScrollView>
  </View>
</View>
`;

exports[`Some component Should render the component in the dom 1`] = `
<View
  style={
    Object {
      "backgroundColor": "white",
      "flex": 1,
      "paddingTop": 0,
    }
  }
>
  <View
    style={
      Array [
        Object {
          "flexDirection": "row",
          "justifyContent": "center",
        },
        undefined,
      ]
    }
  >
    <RCTScrollView
      horizontal={true}
      showsHorizontalScrollIndicator={false}
    >
      <View>
        <View
          accessible={true}
          focusable={true}
          onClick={[Function]}
          onResponderGrant={[Function]}
          onResponderMove={[Function]}
          onResponderRelease={[Function]}
          onResponderTerminate={[Function]}
          onResponderTerminationRequest={[Function]}
          onStartShouldSetResponder={[Function]}
          style={
            Object {
              "backgroundColor": "#F4F4F4",
              "opacity": 1,
              "paddingHorizontal": 5,
              "paddingVertical": 10,
            }
          }
        >
          <View
            style={
              Object {
                "alignItems": "center",
                "justifyContent": "center",
              }
            }
          >
            <View
              style={
                Object {
                  "alignItems": "center",
                  "borderColor": "#DCDCDC",
                  "borderWidth": 2,
                  "height": 60,
                  "justifyContent": "center",
                  "marginHorizontal": 5,
                  "width": 60,
                }
              }
            >
              <Text />
            </View>
            <Text
              style={
                Object {
                  "color": "black",
                  "fontSize": 12,
                  "marginTop": 5,
                }
              }
            >
              NONE
            </Text>
          </View>
        </View>
        <View
          accessible={true}
          focusable={true}
          onClick={[Function]}
          onResponderGrant={[Function]}
          onResponderMove={[Function]}
          onResponderRelease={[Function]}
          onResponderTerminate={[Function]}
          onResponderTerminationRequest={[Function]}
          onStartShouldSetResponder={[Function]}
          style={
            Object {
              "backgroundColor": "white",
              "opacity": 1,
              "paddingHorizontal": 5,
              "paddingVertical": 10,
            }
          }
        >
          <View
            style={
              Object {
                "alignItems": "center",
                "justifyContent": "center",
              }
            }
          >
            <View
              style={
                Object {
                  "alignItems": "center",
                  "borderColor": "#DCDCDC",
                  "borderWidth": 2,
                  "height": 60,
                  "justifyContent": "center",
                  "marginHorizontal": 5,
                  "width": 60,
                }
              }
            >
              <Text />
            </View>
            <Text
              style={
                Object {
                  "color": "black",
                  "fontSize": 12,
                  "marginTop": 5,
                }
              }
            >
              SOLID
            </Text>
          </View>
        </View>
        <View
          accessible={true}
          focusable={true}
          onClick={[Function]}
          onResponderGrant={[Function]}
          onResponderMove={[Function]}
          onResponderRelease={[Function]}
          onResponderTerminate={[Function]}
          onResponderTerminationRequest={[Function]}
          onStartShouldSetResponder={[Function]}
          style={
            Object {
              "backgroundColor": "white",
              "opacity": 1,
              "paddingHorizontal": 5,
              "paddingVertical": 10,
            }
          }
        >
          <View
            style={
              Object {
                "alignItems": "center",
                "justifyContent": "center",
              }
            }
          >
            <View
              style={
                Object {
                  "alignItems": "center",
                  "borderColor": "#DCDCDC",
                  "borderWidth": 2,
                  "height": 60,
                  "justifyContent": "center",
                  "marginHorizontal": 5,
                  "width": 60,
                }
              }
            >
              <Text />
            </View>
            <Text
              style={
                Object {
                  "color": "black",
                  "fontSize": 12,
                  "marginTop": 5,
                }
              }
            >
              DASHED
            </Text>
          </View>
        </View>
      </View>
    </RCTScrollView>
  </View>
</View>
`;

exports[`Some component renders correctly 1`] = `
<View
  style={
    Object {
      "backgroundColor": "white",
      "flex": 1,
      "paddingTop": 0,
    }
  }
>
  <View
    style={
      Array [
        Object {
          "flexDirection": "row",
          "justifyContent": "center",
        },
        undefined,
      ]
    }
  >
    <RCTScrollView
      horizontal={true}
      showsHorizontalScrollIndicator={false}
    >
      <View>
        <View
          accessible={true}
          focusable={true}
          onClick={[Function]}
          onResponderGrant={[Function]}
          onResponderMove={[Function]}
          onResponderRelease={[Function]}
          onResponderTerminate={[Function]}
          onResponderTerminationRequest={[Function]}
          onStartShouldSetResponder={[Function]}
          style={
            Object {
              "backgroundColor": "#F4F4F4",
              "opacity": 1,
              "paddingHorizontal": 5,
              "paddingVertical": 10,
            }
          }
        >
          <View
            style={
              Object {
                "alignItems": "center",
                "justifyContent": "center",
              }
            }
          >
            <View
              style={
                Object {
                  "alignItems": "center",
                  "borderColor": "#DCDCDC",
                  "borderWidth": 2,
                  "height": 60,
                  "justifyContent": "center",
                  "marginHorizontal": 5,
                  "width": 60,
                }
              }
            >
              <Text />
            </View>
            <Text
              style={
                Object {
                  "color": "black",
                  "fontSize": 12,
                  "marginTop": 5,
                }
              }
            >
              NONE
            </Text>
          </View>
        </View>
        <View
          accessible={true}
          focusable={true}
          onClick={[Function]}
          onResponderGrant={[Function]}
          onResponderMove={[Function]}
          onResponderRelease={[Function]}
          onResponderTerminate={[Function]}
          onResponderTerminationRequest={[Function]}
          onStartShouldSetResponder={[Function]}
          style={
            Object {
              "backgroundColor": "white",
              "opacity": 1,
              "paddingHorizontal": 5,
              "paddingVertical": 10,
            }
          }
        >
          <View
            style={
              Object {
                "alignItems": "center",
                "justifyContent": "center",
              }
            }
          >
            <View
              style={
                Object {
                  "alignItems": "center",
                  "borderColor": "#DCDCDC",
                  "borderWidth": 2,
                  "height": 60,
                  "justifyContent": "center",
                  "marginHorizontal": 5,
                  "width": 60,
                }
              }
            >
              <Text />
            </View>
            <Text
              style={
                Object {
                  "color": "black",
                  "fontSize": 12,
                  "marginTop": 5,
                }
              }
            >
              SOLID
            </Text>
          </View>
        </View>
        <View
          accessible={true}
          focusable={true}
          onClick={[Function]}
          onResponderGrant={[Function]}
          onResponderMove={[Function]}
          onResponderRelease={[Function]}
          onResponderTerminate={[Function]}
          onResponderTerminationRequest={[Function]}
          onStartShouldSetResponder={[Function]}
          style={
            Object {
              "backgroundColor": "white",
              "opacity": 1,
              "paddingHorizontal": 5,
              "paddingVertical": 10,
            }
          }
        >
          <View
            style={
              Object {
                "alignItems": "center",
                "justifyContent": "center",
              }
            }
          >
            <View
              style={
                Object {
                  "alignItems": "center",
                  "borderColor": "#DCDCDC",
                  "borderWidth": 2,
                  "height": 60,
                  "justifyContent": "center",
                  "marginHorizontal": 5,
                  "width": 60,
                }
              }
            >
              <Text />
            </View>
            <Text
              style={
                Object {
                  "color": "black",
                  "fontSize": 12,
                  "marginTop": 5,
                }
              }
            >
              DASHED
            </Text>
          </View>
        </View>
      </View>
    </RCTScrollView>
  </View>
</View>
`;

exports[`renders correctly 1`] = `
<View
  style={
    Object {
      "backgroundColor": "white",
      "flex": 1,
      "paddingTop": 0,
    }
  }
>
  <View
    style={
      Array [
        Object {
          "flexDirection": "row",
          "justifyContent": "center",
        },
        undefined,
      ]
    }
  >
    <RCTScrollView
      horizontal={true}
      showsHorizontalScrollIndicator={false}
    >
      <View>
        <View
          accessible={true}
          focusable={true}
          onClick={[Function]}
          onResponderGrant={[Function]}
          onResponderMove={[Function]}
          onResponderRelease={[Function]}
          onResponderTerminate={[Function]}
          onResponderTerminationRequest={[Function]}
          onStartShouldSetResponder={[Function]}
          style={
            Object {
              "backgroundColor": "#F4F4F4",
              "opacity": 1,
              "paddingHorizontal": 5,
              "paddingVertical": 10,
            }
          }
        >
          <View
            style={
              Object {
                "alignItems": "center",
                "justifyContent": "center",
              }
            }
          >
            <View
              style={
                Object {
                  "alignItems": "center",
                  "borderColor": "#DCDCDC",
                  "borderWidth": 2,
                  "height": 60,
                  "justifyContent": "center",
                  "marginHorizontal": 5,
                  "width": 60,
                }
              }
            >
              <Text />
            </View>
            <Text
              style={
                Object {
                  "color": "black",
                  "fontSize": 12,
                  "marginTop": 5,
                }
              }
            >
              NONE
            </Text>
          </View>
        </View>
        <View
          accessible={true}
          focusable={true}
          onClick={[Function]}
          onResponderGrant={[Function]}
          onResponderMove={[Function]}
          onResponderRelease={[Function]}
          onResponderTerminate={[Function]}
          onResponderTerminationRequest={[Function]}
          onStartShouldSetResponder={[Function]}
          style={
            Object {
              "backgroundColor": "white",
              "opacity": 1,
              "paddingHorizontal": 5,
              "paddingVertical": 10,
            }
          }
        >
          <View
            style={
              Object {
                "alignItems": "center",
                "justifyContent": "center",
              }
            }
          >
            <View
              style={
                Object {
                  "alignItems": "center",
                  "borderColor": "#DCDCDC",
                  "borderWidth": 2,
                  "height": 60,
                  "justifyContent": "center",
                  "marginHorizontal": 5,
                  "width": 60,
                }
              }
            >
              <Text />
            </View>
            <Text
              style={
                Object {
                  "color": "black",
                  "fontSize": 12,
                  "marginTop": 5,
                }
              }
            >
              SOLID
            </Text>
          </View>
        </View>
        <View
          accessible={true}
          focusable={true}
          onClick={[Function]}
          onResponderGrant={[Function]}
          onResponderMove={[Function]}
          onResponderRelease={[Function]}
          onResponderTerminate={[Function]}
          onResponderTerminationRequest={[Function]}
          onStartShouldSetResponder={[Function]}
          style={
            Object {
              "backgroundColor": "white",
              "opacity": 1,
              "paddingHorizontal": 5,
              "paddingVertical": 10,
            }
          }
        >
          <View
            style={
              Object {
                "alignItems": "center",
                "justifyContent": "center",
              }
            }
          >
            <View
              style={
                Object {
                  "alignItems": "center",
                  "borderColor": "#DCDCDC",
                  "borderWidth": 2,
                  "height": 60,
                  "justifyContent": "center",
                  "marginHorizontal": 5,
                  "width": 60,
                }
              }
            >
              <Text />
            </View>
            <Text
              style={
                Object {
                  "color": "black",
                  "fontSize": 12,
                  "marginTop": 5,
                }
              }
            >
              DASHED
            </Text>
          </View>
        </View>
      </View>
    </RCTScrollView>
  </View>
</View>
`;
